Archive member included to satisfy reference by file (symbol)

c:/st/stm32cubeide_1.7.0/stm32cubeide/plugins/com.st.stm32cube.ide.mcu.externaltools.gnu-tools-for-stm32.9-2020-q2-update.win32_2.0.0.202105311346/tools/bin/../lib/gcc/arm-none-eabi/9.3.1/../../../../arm-none-eabi/lib/thumb/v7e-m+dp/hard\libc_nano.a(lib_a-errno.o)
                              ./src/bsp/syscalls.o (__errno)
c:/st/stm32cubeide_1.7.0/stm32cubeide/plugins/com.st.stm32cube.ide.mcu.externaltools.gnu-tools-for-stm32.9-2020-q2-update.win32_2.0.0.202105311346/tools/bin/../lib/gcc/arm-none-eabi/9.3.1/../../../../arm-none-eabi/lib/thumb/v7e-m+dp/hard\libc_nano.a(lib_a-exit.o)
                              c:/st/stm32cubeide_1.7.0/stm32cubeide/plugins/com.st.stm32cube.ide.mcu.externaltools.gnu-tools-for-stm32.9-2020-q2-update.win32_2.0.0.202105311346/tools/bin/../lib/gcc/arm-none-eabi/9.3.1/../../../../arm-none-eabi/lib/thumb/v7e-m+dp/hard/crt0.o (exit)
c:/st/stm32cubeide_1.7.0/stm32cubeide/plugins/com.st.stm32cube.ide.mcu.externaltools.gnu-tools-for-stm32.9-2020-q2-update.win32_2.0.0.202105311346/tools/bin/../lib/gcc/arm-none-eabi/9.3.1/../../../../arm-none-eabi/lib/thumb/v7e-m+dp/hard\libc_nano.a(lib_a-impure.o)
                              c:/st/stm32cubeide_1.7.0/stm32cubeide/plugins/com.st.stm32cube.ide.mcu.externaltools.gnu-tools-for-stm32.9-2020-q2-update.win32_2.0.0.202105311346/tools/bin/../lib/gcc/arm-none-eabi/9.3.1/../../../../arm-none-eabi/lib/thumb/v7e-m+dp/hard\libc_nano.a(lib_a-exit.o) (_global_impure_ptr)
c:/st/stm32cubeide_1.7.0/stm32cubeide/plugins/com.st.stm32cube.ide.mcu.externaltools.gnu-tools-for-stm32.9-2020-q2-update.win32_2.0.0.202105311346/tools/bin/../lib/gcc/arm-none-eabi/9.3.1/../../../../arm-none-eabi/lib/thumb/v7e-m+dp/hard\libc_nano.a(lib_a-init.o)
                              c:/st/stm32cubeide_1.7.0/stm32cubeide/plugins/com.st.stm32cube.ide.mcu.externaltools.gnu-tools-for-stm32.9-2020-q2-update.win32_2.0.0.202105311346/tools/bin/../lib/gcc/arm-none-eabi/9.3.1/../../../../arm-none-eabi/lib/thumb/v7e-m+dp/hard/crt0.o (__libc_init_array)
c:/st/stm32cubeide_1.7.0/stm32cubeide/plugins/com.st.stm32cube.ide.mcu.externaltools.gnu-tools-for-stm32.9-2020-q2-update.win32_2.0.0.202105311346/tools/bin/../lib/gcc/arm-none-eabi/9.3.1/../../../../arm-none-eabi/lib/thumb/v7e-m+dp/hard\libc_nano.a(lib_a-memset.o)
                              c:/st/stm32cubeide_1.7.0/stm32cubeide/plugins/com.st.stm32cube.ide.mcu.externaltools.gnu-tools-for-stm32.9-2020-q2-update.win32_2.0.0.202105311346/tools/bin/../lib/gcc/arm-none-eabi/9.3.1/../../../../arm-none-eabi/lib/thumb/v7e-m+dp/hard/crt0.o (memset)

Discarded input sections

 .text          0x0000000000000000        0x0 c:/st/stm32cubeide_1.7.0/stm32cubeide/plugins/com.st.stm32cube.ide.mcu.externaltools.gnu-tools-for-stm32.9-2020-q2-update.win32_2.0.0.202105311346/tools/bin/../lib/gcc/arm-none-eabi/9.3.1/thumb/v7e-m+dp/hard/crti.o
 .data          0x0000000000000000        0x0 c:/st/stm32cubeide_1.7.0/stm32cubeide/plugins/com.st.stm32cube.ide.mcu.externaltools.gnu-tools-for-stm32.9-2020-q2-update.win32_2.0.0.202105311346/tools/bin/../lib/gcc/arm-none-eabi/9.3.1/thumb/v7e-m+dp/hard/crti.o
 .bss           0x0000000000000000        0x0 c:/st/stm32cubeide_1.7.0/stm32cubeide/plugins/com.st.stm32cube.ide.mcu.externaltools.gnu-tools-for-stm32.9-2020-q2-update.win32_2.0.0.202105311346/tools/bin/../lib/gcc/arm-none-eabi/9.3.1/thumb/v7e-m+dp/hard/crti.o
 .data          0x0000000000000000        0x4 c:/st/stm32cubeide_1.7.0/stm32cubeide/plugins/com.st.stm32cube.ide.mcu.externaltools.gnu-tools-for-stm32.9-2020-q2-update.win32_2.0.0.202105311346/tools/bin/../lib/gcc/arm-none-eabi/9.3.1/thumb/v7e-m+dp/hard/crtbegin.o
 .text          0x0000000000000000       0x7c c:/st/stm32cubeide_1.7.0/stm32cubeide/plugins/com.st.stm32cube.ide.mcu.externaltools.gnu-tools-for-stm32.9-2020-q2-update.win32_2.0.0.202105311346/tools/bin/../lib/gcc/arm-none-eabi/9.3.1/../../../../arm-none-eabi/lib/thumb/v7e-m+dp/hard/crt0.o
 .data          0x0000000000000000        0x0 c:/st/stm32cubeide_1.7.0/stm32cubeide/plugins/com.st.stm32cube.ide.mcu.externaltools.gnu-tools-for-stm32.9-2020-q2-update.win32_2.0.0.202105311346/tools/bin/../lib/gcc/arm-none-eabi/9.3.1/../../../../arm-none-eabi/lib/thumb/v7e-m+dp/hard/crt0.o
 .bss           0x0000000000000000        0x0 c:/st/stm32cubeide_1.7.0/stm32cubeide/plugins/com.st.stm32cube.ide.mcu.externaltools.gnu-tools-for-stm32.9-2020-q2-update.win32_2.0.0.202105311346/tools/bin/../lib/gcc/arm-none-eabi/9.3.1/../../../../arm-none-eabi/lib/thumb/v7e-m+dp/hard/crt0.o
 .ARM.extab     0x0000000000000000        0x0 c:/st/stm32cubeide_1.7.0/stm32cubeide/plugins/com.st.stm32cube.ide.mcu.externaltools.gnu-tools-for-stm32.9-2020-q2-update.win32_2.0.0.202105311346/tools/bin/../lib/gcc/arm-none-eabi/9.3.1/../../../../arm-none-eabi/lib/thumb/v7e-m+dp/hard/crt0.o
 .ARM.exidx     0x0000000000000000       0x10 c:/st/stm32cubeide_1.7.0/stm32cubeide/plugins/com.st.stm32cube.ide.mcu.externaltools.gnu-tools-for-stm32.9-2020-q2-update.win32_2.0.0.202105311346/tools/bin/../lib/gcc/arm-none-eabi/9.3.1/../../../../arm-none-eabi/lib/thumb/v7e-m+dp/hard/crt0.o
 .ARM.attributes
                0x0000000000000000       0x1c c:/st/stm32cubeide_1.7.0/stm32cubeide/plugins/com.st.stm32cube.ide.mcu.externaltools.gnu-tools-for-stm32.9-2020-q2-update.win32_2.0.0.202105311346/tools/bin/../lib/gcc/arm-none-eabi/9.3.1/../../../../arm-none-eabi/lib/thumb/v7e-m+dp/hard/crt0.o
 .group         0x0000000000000000        0xc ./src/ap/ap.o
 .group         0x0000000000000000        0xc ./src/ap/ap.o
 .group         0x0000000000000000        0xc ./src/ap/ap.o
 .group         0x0000000000000000        0xc ./src/ap/ap.o
 .group         0x0000000000000000        0xc ./src/ap/ap.o
 .group         0x0000000000000000        0xc ./src/ap/ap.o
 .group         0x0000000000000000        0xc ./src/ap/ap.o
 .group         0x0000000000000000        0xc ./src/ap/ap.o
 .group         0x0000000000000000        0xc ./src/ap/ap.o
 .group         0x0000000000000000        0xc ./src/ap/ap.o
 .group         0x0000000000000000        0xc ./src/ap/ap.o
 .group         0x0000000000000000        0xc ./src/ap/ap.o
 .group         0x0000000000000000        0xc ./src/ap/ap.o
 .group         0x0000000000000000        0xc ./src/ap/ap.o
 .group         0x0000000000000000        0xc ./src/ap/ap.o
 .group         0x0000000000000000        0xc ./src/ap/ap.o
 .group         0x0000000000000000        0xc ./src/ap/ap.o
 .group         0x0000000000000000        0xc ./src/ap/ap.o
 .group         0x0000000000000000        0xc ./src/ap/ap.o
 .group         0x0000000000000000        0xc ./src/ap/ap.o
 .group         0x0000000000000000        0xc ./src/ap/ap.o
 .group         0x0000000000000000        0xc ./src/ap/ap.o
 .group         0x0000000000000000        0xc ./src/ap/ap.o
 .group         0x0000000000000000        0xc ./src/ap/ap.o
 .group         0x0000000000000000        0xc ./src/ap/ap.o
 .group         0x0000000000000000        0xc ./src/ap/ap.o
 .group         0x0000000000000000        0xc ./src/ap/ap.o
 .group         0x0000000000000000        0xc ./src/ap/ap.o
 .group         0x0000000000000000        0xc ./src/ap/ap.o
 .group         0x0000000000000000        0xc ./src/ap/ap.o
 .group         0x0000000000000000        0xc ./src/ap/ap.o
 .group         0x0000000000000000        0xc ./src/ap/ap.o
 .group         0x0000000000000000        0xc ./src/ap/ap.o
 .group         0x0000000000000000        0xc ./src/ap/ap.o
 .group         0x0000000000000000        0xc ./src/ap/ap.o
 .group         0x0000000000000000        0xc ./src/ap/ap.o
 .text          0x0000000000000000        0x0 ./src/ap/ap.o
 .data          0x0000000000000000        0x0 ./src/ap/ap.o
 .bss           0x0000000000000000        0x0 ./src/ap/ap.o
 .group         0x0000000000000000        0xc ./src/bsp/bsp.o
 .group         0x0000000000000000        0xc ./src/bsp/bsp.o
 .group         0x0000000000000000        0xc ./src/bsp/bsp.o
 .group         0x0000000000000000        0xc ./src/bsp/bsp.o
 .group         0x0000000000000000        0xc ./src/bsp/bsp.o
 .group         0x0000000000000000        0xc ./src/bsp/bsp.o
 .group         0x0000000000000000        0xc ./src/bsp/bsp.o
 .group         0x0000000000000000        0xc ./src/bsp/bsp.o
 .group         0x0000000000000000        0xc ./src/bsp/bsp.o
 .group         0x0000000000000000        0xc ./src/bsp/bsp.o
 .group         0x0000000000000000        0xc ./src/bsp/bsp.o
 .group         0x0000000000000000        0xc ./src/bsp/bsp.o
 .group         0x0000000000000000        0xc ./src/bsp/bsp.o
 .group         0x0000000000000000        0xc ./src/bsp/bsp.o
 .group         0x0000000000000000        0xc ./src/bsp/bsp.o
 .group         0x0000000000000000        0xc ./src/bsp/bsp.o
 .group         0x0000000000000000        0xc ./src/bsp/bsp.o
 .group         0x0000000000000000        0xc ./src/bsp/bsp.o
 .group         0x0000000000000000        0xc ./src/bsp/bsp.o
 .group         0x0000000000000000        0xc ./src/bsp/bsp.o
 .group         0x0000000000000000        0xc ./src/bsp/bsp.o
 .group         0x0000000000000000        0xc ./src/bsp/bsp.o
 .group         0x0000000000000000        0xc ./src/bsp/bsp.o
 .group         0x0000000000000000        0xc ./src/bsp/bsp.o
 .group         0x0000000000000000        0xc ./src/bsp/bsp.o
 .group         0x0000000000000000        0xc ./src/bsp/bsp.o
 .group         0x0000000000000000        0xc ./src/bsp/bsp.o
 .group         0x0000000000000000        0xc ./src/bsp/bsp.o
 .group         0x0000000000000000        0xc ./src/bsp/bsp.o
 .group         0x0000000000000000        0xc ./src/bsp/bsp.o
 .group         0x0000000000000000        0xc ./src/bsp/bsp.o
 .group         0x0000000000000000        0xc ./src/bsp/bsp.o
 .group         0x0000000000000000        0xc ./src/bsp/bsp.o
 .group         0x0000000000000000        0xc ./src/bsp/bsp.o
 .group         0x0000000000000000        0xc ./src/bsp/bsp.o
 .group         0x0000000000000000        0xc ./src/bsp/bsp.o
 .text          0x0000000000000000        0x0 ./src/bsp/bsp.o
 .data          0x0000000000000000        0x0 ./src/bsp/bsp.o
 .bss           0x0000000000000000        0x0 ./src/bsp/bsp.o
 .text.delay    0x0000000000000000       0x14 ./src/bsp/bsp.o
 .text.millis   0x0000000000000000       0x10 ./src/bsp/bsp.o
 .debug_macro   0x0000000000000000      0xaae ./src/bsp/bsp.o
 .debug_macro   0x0000000000000000       0x22 ./src/bsp/bsp.o
 .debug_macro   0x0000000000000000       0x4c ./src/bsp/bsp.o
 .debug_macro   0x0000000000000000       0x17 ./src/bsp/bsp.o
 .debug_macro   0x0000000000000000       0x94 ./src/bsp/bsp.o
 .debug_macro   0x0000000000000000       0x3c ./src/bsp/bsp.o
 .debug_macro   0x0000000000000000       0x34 ./src/bsp/bsp.o
 .debug_macro   0x0000000000000000       0x16 ./src/bsp/bsp.o
 .debug_macro   0x0000000000000000       0x57 ./src/bsp/bsp.o
 .debug_macro   0x0000000000000000       0x97 ./src/bsp/bsp.o
 .debug_macro   0x0000000000000000      0x339 ./src/bsp/bsp.o
 .debug_macro   0x0000000000000000       0xfd ./src/bsp/bsp.o
 .debug_macro   0x0000000000000000       0x10 ./src/bsp/bsp.o
 .debug_macro   0x0000000000000000       0x16 ./src/bsp/bsp.o
 .debug_macro   0x0000000000000000       0x43 ./src/bsp/bsp.o
 .debug_macro   0x0000000000000000       0x34 ./src/bsp/bsp.o
 .debug_macro   0x0000000000000000       0x10 ./src/bsp/bsp.o
 .debug_macro   0x0000000000000000       0x58 ./src/bsp/bsp.o
 .debug_macro   0x0000000000000000       0x71 ./src/bsp/bsp.o
 .debug_macro   0x0000000000000000       0x1c ./src/bsp/bsp.o
 .debug_macro   0x0000000000000000      0x12a ./src/bsp/bsp.o
 .debug_macro   0x0000000000000000       0x10 ./src/bsp/bsp.o
 .debug_macro   0x0000000000000000       0x6a ./src/bsp/bsp.o
 .debug_macro   0x0000000000000000       0x1c ./src/bsp/bsp.o
 .debug_macro   0x0000000000000000       0x52 ./src/bsp/bsp.o
 .debug_macro   0x0000000000000000       0x22 ./src/bsp/bsp.o
 .debug_macro   0x0000000000000000       0x10 ./src/bsp/bsp.o
 .debug_macro   0x0000000000000000       0x40 ./src/bsp/bsp.o
 .debug_macro   0x0000000000000000       0xd5 ./src/bsp/bsp.o
 .debug_macro   0x0000000000000000       0x1c ./src/bsp/bsp.o
 .debug_macro   0x0000000000000000       0x3d ./src/bsp/bsp.o
 .debug_macro   0x0000000000000000       0x16 ./src/bsp/bsp.o
 .debug_macro   0x0000000000000000      0x145 ./src/bsp/bsp.o
 .debug_macro   0x0000000000000000      0x103 ./src/bsp/bsp.o
 .debug_macro   0x0000000000000000      0x1df ./src/bsp/bsp.o
 .debug_macro   0x0000000000000000       0x22 ./src/bsp/bsp.o
 .group         0x0000000000000000        0xc ./src/bsp/syscalls.o
 .group         0x0000000000000000        0xc ./src/bsp/syscalls.o
 .group         0x0000000000000000        0xc ./src/bsp/syscalls.o
 .group         0x0000000000000000        0xc ./src/bsp/syscalls.o
 .group         0x0000000000000000        0xc ./src/bsp/syscalls.o
 .group         0x0000000000000000        0xc ./src/bsp/syscalls.o
 .group         0x0000000000000000        0xc ./src/bsp/syscalls.o
 .group         0x0000000000000000        0xc ./src/bsp/syscalls.o
 .group         0x0000000000000000        0xc ./src/bsp/syscalls.o
 .group         0x0000000000000000        0xc ./src/bsp/syscalls.o
 .group         0x0000000000000000        0xc ./src/bsp/syscalls.o
 .group         0x0000000000000000        0xc ./src/bsp/syscalls.o
 .group         0x0000000000000000        0xc ./src/bsp/syscalls.o
 .group         0x0000000000000000        0xc ./src/bsp/syscalls.o
 .group         0x0000000000000000        0xc ./src/bsp/syscalls.o
 .group         0x0000000000000000        0xc ./src/bsp/syscalls.o
 .group         0x0000000000000000        0xc ./src/bsp/syscalls.o
 .group         0x0000000000000000        0xc ./src/bsp/syscalls.o
 .group         0x0000000000000000        0xc ./src/bsp/syscalls.o
 .group         0x0000000000000000        0xc ./src/bsp/syscalls.o
 .group         0x0000000000000000        0xc ./src/bsp/syscalls.o
 .group         0x0000000000000000        0xc ./src/bsp/syscalls.o
 .group         0x0000000000000000        0xc ./src/bsp/syscalls.o
 .group         0x0000000000000000        0xc ./src/bsp/syscalls.o
 .group         0x0000000000000000        0xc ./src/bsp/syscalls.o
 .group         0x0000000000000000        0xc ./src/bsp/syscalls.o
 .group         0x0000000000000000        0xc ./src/bsp/syscalls.o
 .group         0x0000000000000000        0xc ./src/bsp/syscalls.o
 .group         0x0000000000000000        0xc ./src/bsp/syscalls.o
 .group         0x0000000000000000        0xc ./src/bsp/syscalls.o
 .group         0x0000000000000000        0xc ./src/bsp/syscalls.o
 .group         0x0000000000000000        0xc ./src/bsp/syscalls.o
 .group         0x0000000000000000        0xc ./src/bsp/syscalls.o
 .group         0x0000000000000000        0xc ./src/bsp/syscalls.o
 .group         0x0000000000000000        0xc ./src/bsp/syscalls.o
 .group         0x0000000000000000        0xc ./src/bsp/syscalls.o
 .group         0x0000000000000000        0xc ./src/bsp/syscalls.o
 .group         0x0000000000000000        0xc ./src/bsp/syscalls.o
 .group         0x0000000000000000        0xc ./src/bsp/syscalls.o
 .group         0x0000000000000000        0xc ./src/bsp/syscalls.o
 .group         0x0000000000000000        0xc ./src/bsp/syscalls.o
 .group         0x0000000000000000        0xc ./src/bsp/syscalls.o
 .group         0x0000000000000000        0xc ./src/bsp/syscalls.o
 .group         0x0000000000000000        0xc ./src/bsp/syscalls.o
 .group         0x0000000000000000        0xc ./src/bsp/syscalls.o
 .group         0x0000000000000000        0xc ./src/bsp/syscalls.o
 .group         0x0000000000000000        0xc ./src/bsp/syscalls.o
 .text          0x0000000000000000        0x0 ./src/bsp/syscalls.o
 .data          0x0000000000000000        0x0 ./src/bsp/syscalls.o
 .bss           0x0000000000000000        0x0 ./src/bsp/syscalls.o
 .bss.__env     0x0000000000000000        0x4 ./src/bsp/syscalls.o
 .data.environ  0x0000000000000000        0x4 ./src/bsp/syscalls.o
 .text.initialise_monitor_handles
                0x0000000000000000        0xe ./src/bsp/syscalls.o
 .text._getpid  0x0000000000000000       0x10 ./src/bsp/syscalls.o
 .text._kill    0x0000000000000000       0x20 ./src/bsp/syscalls.o
 .text._exit    0x0000000000000000       0x14 ./src/bsp/syscalls.o
 .text._read    0x0000000000000000       0x3a ./src/bsp/syscalls.o
 .text._write   0x0000000000000000       0x38 ./src/bsp/syscalls.o
 .text._close   0x0000000000000000       0x18 ./src/bsp/syscalls.o
 .text._fstat   0x0000000000000000       0x20 ./src/bsp/syscalls.o
 .text._isatty  0x0000000000000000       0x16 ./src/bsp/syscalls.o
 .text._lseek   0x0000000000000000       0x1a ./src/bsp/syscalls.o
 .text._open    0x0000000000000000       0x1c ./src/bsp/syscalls.o
 .text._wait    0x0000000000000000       0x1e ./src/bsp/syscalls.o
 .text._unlink  0x0000000000000000       0x1e ./src/bsp/syscalls.o
 .text._times   0x0000000000000000       0x18 ./src/bsp/syscalls.o
 .text._stat    0x0000000000000000       0x20 ./src/bsp/syscalls.o
 .text._link    0x0000000000000000       0x20 ./src/bsp/syscalls.o
 .text._fork    0x0000000000000000       0x16 ./src/bsp/syscalls.o
 .text._execve  0x0000000000000000       0x22 ./src/bsp/syscalls.o
 .debug_info    0x0000000000000000      0xfa8 ./src/bsp/syscalls.o
 .debug_abbrev  0x0000000000000000      0x286 ./src/bsp/syscalls.o
 .debug_aranges
                0x0000000000000000       0xa8 ./src/bsp/syscalls.o
 .debug_ranges  0x0000000000000000       0x98 ./src/bsp/syscalls.o
 .debug_macro   0x0000000000000000      0x24c ./src/bsp/syscalls.o
 .debug_macro   0x0000000000000000      0xaae ./src/bsp/syscalls.o
 .debug_macro   0x0000000000000000       0x22 ./src/bsp/syscalls.o
 .debug_macro   0x0000000000000000       0x4c ./src/bsp/syscalls.o
 .debug_macro   0x0000000000000000       0x17 ./src/bsp/syscalls.o
 .debug_macro   0x0000000000000000       0x94 ./src/bsp/syscalls.o
 .debug_macro   0x0000000000000000       0x3c ./src/bsp/syscalls.o
 .debug_macro   0x0000000000000000       0x34 ./src/bsp/syscalls.o
 .debug_macro   0x0000000000000000       0x57 ./src/bsp/syscalls.o
 .debug_macro   0x0000000000000000      0x174 ./src/bsp/syscalls.o
 .debug_macro   0x0000000000000000      0x339 ./src/bsp/syscalls.o
 .debug_macro   0x0000000000000000       0x16 ./src/bsp/syscalls.o
 .debug_macro   0x0000000000000000       0x43 ./src/bsp/syscalls.o
 .debug_macro   0x0000000000000000       0x34 ./src/bsp/syscalls.o
 .debug_macro   0x0000000000000000       0x10 ./src/bsp/syscalls.o
 .debug_macro   0x0000000000000000       0x58 ./src/bsp/syscalls.o
 .debug_macro   0x0000000000000000       0x71 ./src/bsp/syscalls.o
 .debug_macro   0x0000000000000000       0x1c ./src/bsp/syscalls.o
 .debug_macro   0x0000000000000000      0x12a ./src/bsp/syscalls.o
 .debug_macro   0x0000000000000000       0x10 ./src/bsp/syscalls.o
 .debug_macro   0x0000000000000000       0x35 ./src/bsp/syscalls.o
 .debug_macro   0x0000000000000000       0x10 ./src/bsp/syscalls.o
 .debug_macro   0x0000000000000000       0x10 ./src/bsp/syscalls.o
 .debug_macro   0x0000000000000000       0x10 ./src/bsp/syscalls.o
 .debug_macro   0x0000000000000000       0x6a ./src/bsp/syscalls.o
 .debug_macro   0x0000000000000000       0x1c ./src/bsp/syscalls.o
 .debug_macro   0x0000000000000000       0x52 ./src/bsp/syscalls.o
 .debug_macro   0x0000000000000000       0x22 ./src/bsp/syscalls.o
 .debug_macro   0x0000000000000000       0x10 ./src/bsp/syscalls.o
 .debug_macro   0x0000000000000000       0x40 ./src/bsp/syscalls.o
 .debug_macro   0x0000000000000000       0xd5 ./src/bsp/syscalls.o
 .debug_macro   0x0000000000000000       0x1c ./src/bsp/syscalls.o
 .debug_macro   0x0000000000000000       0x3d ./src/bsp/syscalls.o
 .debug_macro   0x0000000000000000       0x35 ./src/bsp/syscalls.o
 .debug_macro   0x0000000000000000      0x12c ./src/bsp/syscalls.o
 .debug_macro   0x0000000000000000       0x16 ./src/bsp/syscalls.o
 .debug_macro   0x0000000000000000       0x16 ./src/bsp/syscalls.o
 .debug_macro   0x0000000000000000       0x29 ./src/bsp/syscalls.o
 .debug_macro   0x0000000000000000       0x10 ./src/bsp/syscalls.o
 .debug_macro   0x0000000000000000      0x241 ./src/bsp/syscalls.o
 .debug_macro   0x0000000000000000       0x1c ./src/bsp/syscalls.o
 .debug_macro   0x0000000000000000       0x10 ./src/bsp/syscalls.o
 .debug_macro   0x0000000000000000       0x10 ./src/bsp/syscalls.o
 .debug_macro   0x0000000000000000       0x16 ./src/bsp/syscalls.o
 .debug_macro   0x0000000000000000      0x145 ./src/bsp/syscalls.o
 .debug_macro   0x0000000000000000      0x189 ./src/bsp/syscalls.o
 .debug_macro   0x0000000000000000       0x16 ./src/bsp/syscalls.o
 .debug_macro   0x0000000000000000       0xce ./src/bsp/syscalls.o
 .debug_line    0x0000000000000000      0x801 ./src/bsp/syscalls.o
 .debug_str     0x0000000000000000     0x8ef3 ./src/bsp/syscalls.o
 .comment       0x0000000000000000       0x54 ./src/bsp/syscalls.o
 .debug_frame   0x0000000000000000      0x2ac ./src/bsp/syscalls.o
 .ARM.attributes
                0x0000000000000000       0x32 ./src/bsp/syscalls.o
 .group         0x0000000000000000        0xc ./src/bsp/sysmem.o
 .group         0x0000000000000000        0xc ./src/bsp/sysmem.o
 .group         0x0000000000000000        0xc ./src/bsp/sysmem.o
 .group         0x0000000000000000        0xc ./src/bsp/sysmem.o
 .group         0x0000000000000000        0xc ./src/bsp/sysmem.o
 .group         0x0000000000000000        0xc ./src/bsp/sysmem.o
 .group         0x0000000000000000        0xc ./src/bsp/sysmem.o
 .group         0x0000000000000000        0xc ./src/bsp/sysmem.o
 .group         0x0000000000000000        0xc ./src/bsp/sysmem.o
 .group         0x0000000000000000        0xc ./src/bsp/sysmem.o
 .group         0x0000000000000000        0xc ./src/bsp/sysmem.o
 .group         0x0000000000000000        0xc ./src/bsp/sysmem.o
 .group         0x0000000000000000        0xc ./src/bsp/sysmem.o
 .group         0x0000000000000000        0xc ./src/bsp/sysmem.o
 .group         0x0000000000000000        0xc ./src/bsp/sysmem.o
 .group         0x0000000000000000        0xc ./src/bsp/sysmem.o
 .group         0x0000000000000000        0xc ./src/bsp/sysmem.o
 .group         0x0000000000000000        0xc ./src/bsp/sysmem.o
 .group         0x0000000000000000        0xc ./src/bsp/sysmem.o
 .group         0x0000000000000000        0xc ./src/bsp/sysmem.o
 .group         0x0000000000000000        0xc ./src/bsp/sysmem.o
 .group         0x0000000000000000        0xc ./src/bsp/sysmem.o
 .text          0x0000000000000000        0x0 ./src/bsp/sysmem.o
 .data          0x0000000000000000        0x0 ./src/bsp/sysmem.o
 .bss           0x0000000000000000        0x0 ./src/bsp/sysmem.o
 .bss.__sbrk_heap_end
                0x0000000000000000        0x4 ./src/bsp/sysmem.o
 .text._sbrk    0x0000000000000000       0x6c ./src/bsp/sysmem.o
 .debug_info    0x0000000000000000      0xa25 ./src/bsp/sysmem.o
 .debug_abbrev  0x0000000000000000      0x1bf ./src/bsp/sysmem.o
 .debug_aranges
                0x0000000000000000       0x20 ./src/bsp/sysmem.o
 .debug_ranges  0x0000000000000000       0x10 ./src/bsp/sysmem.o
 .debug_macro   0x0000000000000000       0xff ./src/bsp/sysmem.o
 .debug_macro   0x0000000000000000      0xaae ./src/bsp/sysmem.o
 .debug_macro   0x0000000000000000       0x10 ./src/bsp/sysmem.o
 .debug_macro   0x0000000000000000       0x22 ./src/bsp/sysmem.o
 .debug_macro   0x0000000000000000       0x4c ./src/bsp/sysmem.o
 .debug_macro   0x0000000000000000       0x17 ./src/bsp/sysmem.o
 .debug_macro   0x0000000000000000       0x94 ./src/bsp/sysmem.o
 .debug_macro   0x0000000000000000       0x3c ./src/bsp/sysmem.o
 .debug_macro   0x0000000000000000       0x34 ./src/bsp/sysmem.o
 .debug_macro   0x0000000000000000      0x174 ./src/bsp/sysmem.o
 .debug_macro   0x0000000000000000       0x16 ./src/bsp/sysmem.o
 .debug_macro   0x0000000000000000       0x43 ./src/bsp/sysmem.o
 .debug_macro   0x0000000000000000       0x57 ./src/bsp/sysmem.o
 .debug_macro   0x0000000000000000       0x34 ./src/bsp/sysmem.o
 .debug_macro   0x0000000000000000       0x10 ./src/bsp/sysmem.o
 .debug_macro   0x0000000000000000       0x58 ./src/bsp/sysmem.o
 .debug_macro   0x0000000000000000       0x71 ./src/bsp/sysmem.o
 .debug_macro   0x0000000000000000       0x1c ./src/bsp/sysmem.o
 .debug_macro   0x0000000000000000      0x12a ./src/bsp/sysmem.o
 .debug_macro   0x0000000000000000      0x23b ./src/bsp/sysmem.o
 .debug_macro   0x0000000000000000      0x103 ./src/bsp/sysmem.o
 .debug_macro   0x0000000000000000       0x6a ./src/bsp/sysmem.o
 .debug_macro   0x0000000000000000      0x1df ./src/bsp/sysmem.o
 .debug_line    0x0000000000000000      0x4f7 ./src/bsp/sysmem.o
 .debug_str     0x0000000000000000     0x62c6 ./src/bsp/sysmem.o
 .comment       0x0000000000000000       0x54 ./src/bsp/sysmem.o
 .debug_frame   0x0000000000000000       0x34 ./src/bsp/sysmem.o
 .ARM.attributes
                0x0000000000000000       0x32 ./src/bsp/sysmem.o
 .text          0x0000000000000000       0x14 ./src/bsp/startup/startup_stm32h750vbtx.o
 .data          0x0000000000000000        0x0 ./src/bsp/startup/startup_stm32h750vbtx.o
 .bss           0x0000000000000000        0x0 ./src/bsp/startup/startup_stm32h750vbtx.o
 .group         0x0000000000000000        0xc ./src/hw/hw.o
 .group         0x0000000000000000        0xc ./src/hw/hw.o
 .group         0x0000000000000000        0xc ./src/hw/hw.o
 .group         0x0000000000000000        0xc ./src/hw/hw.o
 .group         0x0000000000000000        0xc ./src/hw/hw.o
 .group         0x0000000000000000        0xc ./src/hw/hw.o
 .group         0x0000000000000000        0xc ./src/hw/hw.o
 .group         0x0000000000000000        0xc ./src/hw/hw.o
 .group         0x0000000000000000        0xc ./src/hw/hw.o
 .group         0x0000000000000000        0xc ./src/hw/hw.o
 .group         0x0000000000000000        0xc ./src/hw/hw.o
 .group         0x0000000000000000        0xc ./src/hw/hw.o
 .group         0x0000000000000000        0xc ./src/hw/hw.o
 .group         0x0000000000000000        0xc ./src/hw/hw.o
 .group         0x0000000000000000        0xc ./src/hw/hw.o
 .group         0x0000000000000000        0xc ./src/hw/hw.o
 .group         0x0000000000000000        0xc ./src/hw/hw.o
 .group         0x0000000000000000        0xc ./src/hw/hw.o
 .group         0x0000000000000000        0xc ./src/hw/hw.o
 .group         0x0000000000000000        0xc ./src/hw/hw.o
 .group         0x0000000000000000        0xc ./src/hw/hw.o
 .group         0x0000000000000000        0xc ./src/hw/hw.o
 .group         0x0000000000000000        0xc ./src/hw/hw.o
 .group         0x0000000000000000        0xc ./src/hw/hw.o
 .group         0x0000000000000000        0xc ./src/hw/hw.o
 .group         0x0000000000000000        0xc ./src/hw/hw.o
 .group         0x0000000000000000        0xc ./src/hw/hw.o
 .group         0x0000000000000000        0xc ./src/hw/hw.o
 .group         0x0000000000000000        0xc ./src/hw/hw.o
 .group         0x0000000000000000        0xc ./src/hw/hw.o
 .group         0x0000000000000000        0xc ./src/hw/hw.o
 .group         0x0000000000000000        0xc ./src/hw/hw.o
 .group         0x0000000000000000        0xc ./src/hw/hw.o
 .group         0x0000000000000000        0xc ./src/hw/hw.o
 .group         0x0000000000000000        0xc ./src/hw/hw.o
 .group         0x0000000000000000        0xc ./src/hw/hw.o
 .text          0x0000000000000000        0x0 ./src/hw/hw.o
 .data          0x0000000000000000        0x0 ./src/hw/hw.o
 .bss           0x0000000000000000        0x0 ./src/hw/hw.o
 .debug_macro   0x0000000000000000      0xaae ./src/hw/hw.o
 .debug_macro   0x0000000000000000       0x22 ./src/hw/hw.o
 .debug_macro   0x0000000000000000       0x4c ./src/hw/hw.o
 .debug_macro   0x0000000000000000       0x17 ./src/hw/hw.o
 .debug_macro   0x0000000000000000       0x94 ./src/hw/hw.o
 .debug_macro   0x0000000000000000       0x3c ./src/hw/hw.o
 .debug_macro   0x0000000000000000       0x34 ./src/hw/hw.o
 .debug_macro   0x0000000000000000       0x16 ./src/hw/hw.o
 .debug_macro   0x0000000000000000       0x57 ./src/hw/hw.o
 .debug_macro   0x0000000000000000       0x97 ./src/hw/hw.o
 .debug_macro   0x0000000000000000      0x339 ./src/hw/hw.o
 .debug_macro   0x0000000000000000       0xfd ./src/hw/hw.o
 .debug_macro   0x0000000000000000       0x10 ./src/hw/hw.o
 .debug_macro   0x0000000000000000       0x16 ./src/hw/hw.o
 .debug_macro   0x0000000000000000       0x43 ./src/hw/hw.o
 .debug_macro   0x0000000000000000       0x34 ./src/hw/hw.o
 .debug_macro   0x0000000000000000       0x10 ./src/hw/hw.o
 .debug_macro   0x0000000000000000       0x58 ./src/hw/hw.o
 .debug_macro   0x0000000000000000       0x71 ./src/hw/hw.o
 .debug_macro   0x0000000000000000       0x1c ./src/hw/hw.o
 .debug_macro   0x0000000000000000      0x12a ./src/hw/hw.o
 .debug_macro   0x0000000000000000       0x10 ./src/hw/hw.o
 .debug_macro   0x0000000000000000       0x6a ./src/hw/hw.o
 .debug_macro   0x0000000000000000       0x1c ./src/hw/hw.o
 .debug_macro   0x0000000000000000       0x52 ./src/hw/hw.o
 .debug_macro   0x0000000000000000       0x22 ./src/hw/hw.o
 .debug_macro   0x0000000000000000       0x10 ./src/hw/hw.o
 .debug_macro   0x0000000000000000       0x40 ./src/hw/hw.o
 .debug_macro   0x0000000000000000       0xd5 ./src/hw/hw.o
 .debug_macro   0x0000000000000000       0x1c ./src/hw/hw.o
 .debug_macro   0x0000000000000000       0x3d ./src/hw/hw.o
 .debug_macro   0x0000000000000000       0x16 ./src/hw/hw.o
 .debug_macro   0x0000000000000000      0x145 ./src/hw/hw.o
 .debug_macro   0x0000000000000000      0x103 ./src/hw/hw.o
 .debug_macro   0x0000000000000000      0x1df ./src/hw/hw.o
 .debug_macro   0x0000000000000000       0x22 ./src/hw/hw.o
 .group         0x0000000000000000        0xc ./src/main.o
 .group         0x0000000000000000        0xc ./src/main.o
 .group         0x0000000000000000        0xc ./src/main.o
 .group         0x0000000000000000        0xc ./src/main.o
 .group         0x0000000000000000        0xc ./src/main.o
 .group         0x0000000000000000        0xc ./src/main.o
 .group         0x0000000000000000        0xc ./src/main.o
 .group         0x0000000000000000        0xc ./src/main.o
 .group         0x0000000000000000        0xc ./src/main.o
 .group         0x0000000000000000        0xc ./src/main.o
 .group         0x0000000000000000        0xc ./src/main.o
 .group         0x0000000000000000        0xc ./src/main.o
 .group         0x0000000000000000        0xc ./src/main.o
 .group         0x0000000000000000        0xc ./src/main.o
 .group         0x0000000000000000        0xc ./src/main.o
 .group         0x0000000000000000        0xc ./src/main.o
 .group         0x0000000000000000        0xc ./src/main.o
 .group         0x0000000000000000        0xc ./src/main.o
 .group         0x0000000000000000        0xc ./src/main.o
 .group         0x0000000000000000        0xc ./src/main.o
 .group         0x0000000000000000        0xc ./src/main.o
 .group         0x0000000000000000        0xc ./src/main.o
 .group         0x0000000000000000        0xc ./src/main.o
 .group         0x0000000000000000        0xc ./src/main.o
 .group         0x0000000000000000        0xc ./src/main.o
 .group         0x0000000000000000        0xc ./src/main.o
 .group         0x0000000000000000        0xc ./src/main.o
 .group         0x0000000000000000        0xc ./src/main.o
 .group         0x0000000000000000        0xc ./src/main.o
 .group         0x0000000000000000        0xc ./src/main.o
 .group         0x0000000000000000        0xc ./src/main.o
 .group         0x0000000000000000        0xc ./src/main.o
 .group         0x0000000000000000        0xc ./src/main.o
 .group         0x0000000000000000        0xc ./src/main.o
 .group         0x0000000000000000        0xc ./src/main.o
 .group         0x0000000000000000        0xc ./src/main.o
 .text          0x0000000000000000        0x0 ./src/main.o
 .data          0x0000000000000000        0x0 ./src/main.o
 .bss           0x0000000000000000        0x0 ./src/main.o
 .debug_macro   0x0000000000000000      0xaae ./src/main.o
 .debug_macro   0x0000000000000000       0x22 ./src/main.o
 .debug_macro   0x0000000000000000       0x4c ./src/main.o
 .debug_macro   0x0000000000000000       0x17 ./src/main.o
 .debug_macro   0x0000000000000000       0x94 ./src/main.o
 .debug_macro   0x0000000000000000       0x3c ./src/main.o
 .debug_macro   0x0000000000000000       0x34 ./src/main.o
 .debug_macro   0x0000000000000000       0x16 ./src/main.o
 .debug_macro   0x0000000000000000       0x57 ./src/main.o
 .debug_macro   0x0000000000000000       0x97 ./src/main.o
 .debug_macro   0x0000000000000000      0x339 ./src/main.o
 .debug_macro   0x0000000000000000       0xfd ./src/main.o
 .debug_macro   0x0000000000000000       0x10 ./src/main.o
 .debug_macro   0x0000000000000000       0x16 ./src/main.o
 .debug_macro   0x0000000000000000       0x43 ./src/main.o
 .debug_macro   0x0000000000000000       0x34 ./src/main.o
 .debug_macro   0x0000000000000000       0x10 ./src/main.o
 .debug_macro   0x0000000000000000       0x58 ./src/main.o
 .debug_macro   0x0000000000000000       0x71 ./src/main.o
 .debug_macro   0x0000000000000000       0x1c ./src/main.o
 .debug_macro   0x0000000000000000      0x12a ./src/main.o
 .debug_macro   0x0000000000000000       0x10 ./src/main.o
 .debug_macro   0x0000000000000000       0x6a ./src/main.o
 .debug_macro   0x0000000000000000       0x1c ./src/main.o
 .debug_macro   0x0000000000000000       0x52 ./src/main.o
 .debug_macro   0x0000000000000000       0x22 ./src/main.o
 .debug_macro   0x0000000000000000       0x10 ./src/main.o
 .debug_macro   0x0000000000000000       0x40 ./src/main.o
 .debug_macro   0x0000000000000000       0xd5 ./src/main.o
 .debug_macro   0x0000000000000000       0x1c ./src/main.o
 .debug_macro   0x0000000000000000       0x3d ./src/main.o
 .debug_macro   0x0000000000000000       0x16 ./src/main.o
 .debug_macro   0x0000000000000000      0x145 ./src/main.o
 .debug_macro   0x0000000000000000      0x103 ./src/main.o
 .debug_macro   0x0000000000000000      0x1df ./src/main.o
 .debug_macro   0x0000000000000000       0x22 ./src/main.o
 .text          0x0000000000000000        0x0 c:/st/stm32cubeide_1.7.0/stm32cubeide/plugins/com.st.stm32cube.ide.mcu.externaltools.gnu-tools-for-stm32.9-2020-q2-update.win32_2.0.0.202105311346/tools/bin/../lib/gcc/arm-none-eabi/9.3.1/../../../../arm-none-eabi/lib/thumb/v7e-m+dp/hard\libc_nano.a(lib_a-errno.o)
 .data          0x0000000000000000        0x0 c:/st/stm32cubeide_1.7.0/stm32cubeide/plugins/com.st.stm32cube.ide.mcu.externaltools.gnu-tools-for-stm32.9-2020-q2-update.win32_2.0.0.202105311346/tools/bin/../lib/gcc/arm-none-eabi/9.3.1/../../../../arm-none-eabi/lib/thumb/v7e-m+dp/hard\libc_nano.a(lib_a-errno.o)
 .bss           0x0000000000000000        0x0 c:/st/stm32cubeide_1.7.0/stm32cubeide/plugins/com.st.stm32cube.ide.mcu.externaltools.gnu-tools-for-stm32.9-2020-q2-update.win32_2.0.0.202105311346/tools/bin/../lib/gcc/arm-none-eabi/9.3.1/../../../../arm-none-eabi/lib/thumb/v7e-m+dp/hard\libc_nano.a(lib_a-errno.o)
 .text.__errno  0x0000000000000000        0xc c:/st/stm32cubeide_1.7.0/stm32cubeide/plugins/com.st.stm32cube.ide.mcu.externaltools.gnu-tools-for-stm32.9-2020-q2-update.win32_2.0.0.202105311346/tools/bin/../lib/gcc/arm-none-eabi/9.3.1/../../../../arm-none-eabi/lib/thumb/v7e-m+dp/hard\libc_nano.a(lib_a-errno.o)
 .debug_frame   0x0000000000000000       0x20 c:/st/stm32cubeide_1.7.0/stm32cubeide/plugins/com.st.stm32cube.ide.mcu.externaltools.gnu-tools-for-stm32.9-2020-q2-update.win32_2.0.0.202105311346/tools/bin/../lib/gcc/arm-none-eabi/9.3.1/../../../../arm-none-eabi/lib/thumb/v7e-m+dp/hard\libc_nano.a(lib_a-errno.o)
 .ARM.attributes
                0x0000000000000000       0x32 c:/st/stm32cubeide_1.7.0/stm32cubeide/plugins/com.st.stm32cube.ide.mcu.externaltools.gnu-tools-for-stm32.9-2020-q2-update.win32_2.0.0.202105311346/tools/bin/../lib/gcc/arm-none-eabi/9.3.1/../../../../arm-none-eabi/lib/thumb/v7e-m+dp/hard\libc_nano.a(lib_a-errno.o)
 .text          0x0000000000000000        0x0 c:/st/stm32cubeide_1.7.0/stm32cubeide/plugins/com.st.stm32cube.ide.mcu.externaltools.gnu-tools-for-stm32.9-2020-q2-update.win32_2.0.0.202105311346/tools/bin/../lib/gcc/arm-none-eabi/9.3.1/../../../../arm-none-eabi/lib/thumb/v7e-m+dp/hard\libc_nano.a(lib_a-exit.o)
 .data          0x0000000000000000        0x0 c:/st/stm32cubeide_1.7.0/stm32cubeide/plugins/com.st.stm32cube.ide.mcu.externaltools.gnu-tools-for-stm32.9-2020-q2-update.win32_2.0.0.202105311346/tools/bin/../lib/gcc/arm-none-eabi/9.3.1/../../../../arm-none-eabi/lib/thumb/v7e-m+dp/hard\libc_nano.a(lib_a-exit.o)
 .bss           0x0000000000000000        0x0 c:/st/stm32cubeide_1.7.0/stm32cubeide/plugins/com.st.stm32cube.ide.mcu.externaltools.gnu-tools-for-stm32.9-2020-q2-update.win32_2.0.0.202105311346/tools/bin/../lib/gcc/arm-none-eabi/9.3.1/../../../../arm-none-eabi/lib/thumb/v7e-m+dp/hard\libc_nano.a(lib_a-exit.o)
 .text.exit     0x0000000000000000       0x28 c:/st/stm32cubeide_1.7.0/stm32cubeide/plugins/com.st.stm32cube.ide.mcu.externaltools.gnu-tools-for-stm32.9-2020-q2-update.win32_2.0.0.202105311346/tools/bin/../lib/gcc/arm-none-eabi/9.3.1/../../../../arm-none-eabi/lib/thumb/v7e-m+dp/hard\libc_nano.a(lib_a-exit.o)
 .debug_frame   0x0000000000000000       0x28 c:/st/stm32cubeide_1.7.0/stm32cubeide/plugins/com.st.stm32cube.ide.mcu.externaltools.gnu-tools-for-stm32.9-2020-q2-update.win32_2.0.0.202105311346/tools/bin/../lib/gcc/arm-none-eabi/9.3.1/../../../../arm-none-eabi/lib/thumb/v7e-m+dp/hard\libc_nano.a(lib_a-exit.o)
 .ARM.attributes
                0x0000000000000000       0x32 c:/st/stm32cubeide_1.7.0/stm32cubeide/plugins/com.st.stm32cube.ide.mcu.externaltools.gnu-tools-for-stm32.9-2020-q2-update.win32_2.0.0.202105311346/tools/bin/../lib/gcc/arm-none-eabi/9.3.1/../../../../arm-none-eabi/lib/thumb/v7e-m+dp/hard\libc_nano.a(lib_a-exit.o)
 .text          0x0000000000000000        0x0 c:/st/stm32cubeide_1.7.0/stm32cubeide/plugins/com.st.stm32cube.ide.mcu.externaltools.gnu-tools-for-stm32.9-2020-q2-update.win32_2.0.0.202105311346/tools/bin/../lib/gcc/arm-none-eabi/9.3.1/../../../../arm-none-eabi/lib/thumb/v7e-m+dp/hard\libc_nano.a(lib_a-impure.o)
 .data          0x0000000000000000        0x0 c:/st/stm32cubeide_1.7.0/stm32cubeide/plugins/com.st.stm32cube.ide.mcu.externaltools.gnu-tools-for-stm32.9-2020-q2-update.win32_2.0.0.202105311346/tools/bin/../lib/gcc/arm-none-eabi/9.3.1/../../../../arm-none-eabi/lib/thumb/v7e-m+dp/hard\libc_nano.a(lib_a-impure.o)
 .bss           0x0000000000000000        0x0 c:/st/stm32cubeide_1.7.0/stm32cubeide/plugins/com.st.stm32cube.ide.mcu.externaltools.gnu-tools-for-stm32.9-2020-q2-update.win32_2.0.0.202105311346/tools/bin/../lib/gcc/arm-none-eabi/9.3.1/../../../../arm-none-eabi/lib/thumb/v7e-m+dp/hard\libc_nano.a(lib_a-impure.o)
 .data._impure_ptr
                0x0000000000000000        0x4 c:/st/stm32cubeide_1.7.0/stm32cubeide/plugins/com.st.stm32cube.ide.mcu.externaltools.gnu-tools-for-stm32.9-2020-q2-update.win32_2.0.0.202105311346/tools/bin/../lib/gcc/arm-none-eabi/9.3.1/../../../../arm-none-eabi/lib/thumb/v7e-m+dp/hard\libc_nano.a(lib_a-impure.o)
 .data.impure_data
                0x0000000000000000       0x60 c:/st/stm32cubeide_1.7.0/stm32cubeide/plugins/com.st.stm32cube.ide.mcu.externaltools.gnu-tools-for-stm32.9-2020-q2-update.win32_2.0.0.202105311346/tools/bin/../lib/gcc/arm-none-eabi/9.3.1/../../../../arm-none-eabi/lib/thumb/v7e-m+dp/hard\libc_nano.a(lib_a-impure.o)
 .rodata._global_impure_ptr
                0x0000000000000000        0x4 c:/st/stm32cubeide_1.7.0/stm32cubeide/plugins/com.st.stm32cube.ide.mcu.externaltools.gnu-tools-for-stm32.9-2020-q2-update.win32_2.0.0.202105311346/tools/bin/../lib/gcc/arm-none-eabi/9.3.1/../../../../arm-none-eabi/lib/thumb/v7e-m+dp/hard\libc_nano.a(lib_a-impure.o)
 .ARM.attributes
                0x0000000000000000       0x30 c:/st/stm32cubeide_1.7.0/stm32cubeide/plugins/com.st.stm32cube.ide.mcu.externaltools.gnu-tools-for-stm32.9-2020-q2-update.win32_2.0.0.202105311346/tools/bin/../lib/gcc/arm-none-eabi/9.3.1/../../../../arm-none-eabi/lib/thumb/v7e-m+dp/hard\libc_nano.a(lib_a-impure.o)
 .text          0x0000000000000000        0x0 c:/st/stm32cubeide_1.7.0/stm32cubeide/plugins/com.st.stm32cube.ide.mcu.externaltools.gnu-tools-for-stm32.9-2020-q2-update.win32_2.0.0.202105311346/tools/bin/../lib/gcc/arm-none-eabi/9.3.1/../../../../arm-none-eabi/lib/thumb/v7e-m+dp/hard\libc_nano.a(lib_a-init.o)
 .data          0x0000000000000000        0x0 c:/st/stm32cubeide_1.7.0/stm32cubeide/plugins/com.st.stm32cube.ide.mcu.externaltools.gnu-tools-for-stm32.9-2020-q2-update.win32_2.0.0.202105311346/tools/bin/../lib/gcc/arm-none-eabi/9.3.1/../../../../arm-none-eabi/lib/thumb/v7e-m+dp/hard\libc_nano.a(lib_a-init.o)
 .bss           0x0000000000000000        0x0 c:/st/stm32cubeide_1.7.0/stm32cubeide/plugins/com.st.stm32cube.ide.mcu.externaltools.gnu-tools-for-stm32.9-2020-q2-update.win32_2.0.0.202105311346/tools/bin/../lib/gcc/arm-none-eabi/9.3.1/../../../../arm-none-eabi/lib/thumb/v7e-m+dp/hard\libc_nano.a(lib_a-init.o)
 .text          0x0000000000000000        0x0 c:/st/stm32cubeide_1.7.0/stm32cubeide/plugins/com.st.stm32cube.ide.mcu.externaltools.gnu-tools-for-stm32.9-2020-q2-update.win32_2.0.0.202105311346/tools/bin/../lib/gcc/arm-none-eabi/9.3.1/../../../../arm-none-eabi/lib/thumb/v7e-m+dp/hard\libc_nano.a(lib_a-memset.o)
 .data          0x0000000000000000        0x0 c:/st/stm32cubeide_1.7.0/stm32cubeide/plugins/com.st.stm32cube.ide.mcu.externaltools.gnu-tools-for-stm32.9-2020-q2-update.win32_2.0.0.202105311346/tools/bin/../lib/gcc/arm-none-eabi/9.3.1/../../../../arm-none-eabi/lib/thumb/v7e-m+dp/hard\libc_nano.a(lib_a-memset.o)
 .bss           0x0000000000000000        0x0 c:/st/stm32cubeide_1.7.0/stm32cubeide/plugins/com.st.stm32cube.ide.mcu.externaltools.gnu-tools-for-stm32.9-2020-q2-update.win32_2.0.0.202105311346/tools/bin/../lib/gcc/arm-none-eabi/9.3.1/../../../../arm-none-eabi/lib/thumb/v7e-m+dp/hard\libc_nano.a(lib_a-memset.o)
 .text.memset   0x0000000000000000       0x10 c:/st/stm32cubeide_1.7.0/stm32cubeide/plugins/com.st.stm32cube.ide.mcu.externaltools.gnu-tools-for-stm32.9-2020-q2-update.win32_2.0.0.202105311346/tools/bin/../lib/gcc/arm-none-eabi/9.3.1/../../../../arm-none-eabi/lib/thumb/v7e-m+dp/hard\libc_nano.a(lib_a-memset.o)
 .debug_frame   0x0000000000000000       0x20 c:/st/stm32cubeide_1.7.0/stm32cubeide/plugins/com.st.stm32cube.ide.mcu.externaltools.gnu-tools-for-stm32.9-2020-q2-update.win32_2.0.0.202105311346/tools/bin/../lib/gcc/arm-none-eabi/9.3.1/../../../../arm-none-eabi/lib/thumb/v7e-m+dp/hard\libc_nano.a(lib_a-memset.o)
 .ARM.attributes
                0x0000000000000000       0x32 c:/st/stm32cubeide_1.7.0/stm32cubeide/plugins/com.st.stm32cube.ide.mcu.externaltools.gnu-tools-for-stm32.9-2020-q2-update.win32_2.0.0.202105311346/tools/bin/../lib/gcc/arm-none-eabi/9.3.1/../../../../arm-none-eabi/lib/thumb/v7e-m+dp/hard\libc_nano.a(lib_a-memset.o)
 .text          0x0000000000000000        0x0 c:/st/stm32cubeide_1.7.0/stm32cubeide/plugins/com.st.stm32cube.ide.mcu.externaltools.gnu-tools-for-stm32.9-2020-q2-update.win32_2.0.0.202105311346/tools/bin/../lib/gcc/arm-none-eabi/9.3.1/thumb/v7e-m+dp/hard/crtend.o
 .data          0x0000000000000000        0x0 c:/st/stm32cubeide_1.7.0/stm32cubeide/plugins/com.st.stm32cube.ide.mcu.externaltools.gnu-tools-for-stm32.9-2020-q2-update.win32_2.0.0.202105311346/tools/bin/../lib/gcc/arm-none-eabi/9.3.1/thumb/v7e-m+dp/hard/crtend.o
 .bss           0x0000000000000000        0x0 c:/st/stm32cubeide_1.7.0/stm32cubeide/plugins/com.st.stm32cube.ide.mcu.externaltools.gnu-tools-for-stm32.9-2020-q2-update.win32_2.0.0.202105311346/tools/bin/../lib/gcc/arm-none-eabi/9.3.1/thumb/v7e-m+dp/hard/crtend.o
 .eh_frame      0x0000000000000000        0x4 c:/st/stm32cubeide_1.7.0/stm32cubeide/plugins/com.st.stm32cube.ide.mcu.externaltools.gnu-tools-for-stm32.9-2020-q2-update.win32_2.0.0.202105311346/tools/bin/../lib/gcc/arm-none-eabi/9.3.1/thumb/v7e-m+dp/hard/crtend.o
 .ARM.attributes
                0x0000000000000000       0x30 c:/st/stm32cubeide_1.7.0/stm32cubeide/plugins/com.st.stm32cube.ide.mcu.externaltools.gnu-tools-for-stm32.9-2020-q2-update.win32_2.0.0.202105311346/tools/bin/../lib/gcc/arm-none-eabi/9.3.1/thumb/v7e-m+dp/hard/crtend.o
 .text          0x0000000000000000        0x0 c:/st/stm32cubeide_1.7.0/stm32cubeide/plugins/com.st.stm32cube.ide.mcu.externaltools.gnu-tools-for-stm32.9-2020-q2-update.win32_2.0.0.202105311346/tools/bin/../lib/gcc/arm-none-eabi/9.3.1/thumb/v7e-m+dp/hard/crtn.o
 .data          0x0000000000000000        0x0 c:/st/stm32cubeide_1.7.0/stm32cubeide/plugins/com.st.stm32cube.ide.mcu.externaltools.gnu-tools-for-stm32.9-2020-q2-update.win32_2.0.0.202105311346/tools/bin/../lib/gcc/arm-none-eabi/9.3.1/thumb/v7e-m+dp/hard/crtn.o
 .bss           0x0000000000000000        0x0 c:/st/stm32cubeide_1.7.0/stm32cubeide/plugins/com.st.stm32cube.ide.mcu.externaltools.gnu-tools-for-stm32.9-2020-q2-update.win32_2.0.0.202105311346/tools/bin/../lib/gcc/arm-none-eabi/9.3.1/thumb/v7e-m+dp/hard/crtn.o

Memory Configuration

Name             Origin             Length             Attributes
FLASH            0x0000000008000000 0x0000000000020000 xr
DTCMRAM          0x0000000020000000 0x0000000000020000 xrw
RAM_D1           0x0000000024000000 0x0000000000080000 xrw
RAM_D2           0x0000000030000000 0x0000000000048000 xrw
RAM_D3           0x0000000038000000 0x0000000000010000 xrw
ITCMRAM          0x0000000000000000 0x0000000000010000 xrw
*default*        0x0000000000000000 0xffffffffffffffff

Linker script and memory map

LOAD c:/st/stm32cubeide_1.7.0/stm32cubeide/plugins/com.st.stm32cube.ide.mcu.externaltools.gnu-tools-for-stm32.9-2020-q2-update.win32_2.0.0.202105311346/tools/bin/../lib/gcc/arm-none-eabi/9.3.1/thumb/v7e-m+dp/hard/crti.o
LOAD c:/st/stm32cubeide_1.7.0/stm32cubeide/plugins/com.st.stm32cube.ide.mcu.externaltools.gnu-tools-for-stm32.9-2020-q2-update.win32_2.0.0.202105311346/tools/bin/../lib/gcc/arm-none-eabi/9.3.1/thumb/v7e-m+dp/hard/crtbegin.o
LOAD c:/st/stm32cubeide_1.7.0/stm32cubeide/plugins/com.st.stm32cube.ide.mcu.externaltools.gnu-tools-for-stm32.9-2020-q2-update.win32_2.0.0.202105311346/tools/bin/../lib/gcc/arm-none-eabi/9.3.1/../../../../arm-none-eabi/lib/thumb/v7e-m+dp/hard/crt0.o
LOAD ./src/ap/ap.o
LOAD ./src/bsp/bsp.o
LOAD ./src/bsp/syscalls.o
LOAD ./src/bsp/sysmem.o
LOAD ./src/bsp/startup/startup_stm32h750vbtx.o
LOAD ./src/hw/hw.o
LOAD ./src/main.o
START GROUP
LOAD c:/st/stm32cubeide_1.7.0/stm32cubeide/plugins/com.st.stm32cube.ide.mcu.externaltools.gnu-tools-for-stm32.9-2020-q2-update.win32_2.0.0.202105311346/tools/bin/../lib/gcc/arm-none-eabi/9.3.1/../../../../arm-none-eabi/lib/thumb/v7e-m+dp/hard\libc_nano.a
LOAD c:/st/stm32cubeide_1.7.0/stm32cubeide/plugins/com.st.stm32cube.ide.mcu.externaltools.gnu-tools-for-stm32.9-2020-q2-update.win32_2.0.0.202105311346/tools/bin/../lib/gcc/arm-none-eabi/9.3.1/../../../../arm-none-eabi/lib/thumb/v7e-m+dp/hard\libm.a
END GROUP
START GROUP
LOAD c:/st/stm32cubeide_1.7.0/stm32cubeide/plugins/com.st.stm32cube.ide.mcu.externaltools.gnu-tools-for-stm32.9-2020-q2-update.win32_2.0.0.202105311346/tools/bin/../lib/gcc/arm-none-eabi/9.3.1/thumb/v7e-m+dp/hard\libgcc.a
LOAD c:/st/stm32cubeide_1.7.0/stm32cubeide/plugins/com.st.stm32cube.ide.mcu.externaltools.gnu-tools-for-stm32.9-2020-q2-update.win32_2.0.0.202105311346/tools/bin/../lib/gcc/arm-none-eabi/9.3.1/../../../../arm-none-eabi/lib/thumb/v7e-m+dp/hard\libc_nano.a
END GROUP
START GROUP
LOAD c:/st/stm32cubeide_1.7.0/stm32cubeide/plugins/com.st.stm32cube.ide.mcu.externaltools.gnu-tools-for-stm32.9-2020-q2-update.win32_2.0.0.202105311346/tools/bin/../lib/gcc/arm-none-eabi/9.3.1/thumb/v7e-m+dp/hard\libgcc.a
LOAD c:/st/stm32cubeide_1.7.0/stm32cubeide/plugins/com.st.stm32cube.ide.mcu.externaltools.gnu-tools-for-stm32.9-2020-q2-update.win32_2.0.0.202105311346/tools/bin/../lib/gcc/arm-none-eabi/9.3.1/../../../../arm-none-eabi/lib/thumb/v7e-m+dp/hard\libc_nano.a
LOAD c:/st/stm32cubeide_1.7.0/stm32cubeide/plugins/com.st.stm32cube.ide.mcu.externaltools.gnu-tools-for-stm32.9-2020-q2-update.win32_2.0.0.202105311346/tools/bin/../lib/gcc/arm-none-eabi/9.3.1/../../../../arm-none-eabi/lib/thumb/v7e-m+dp/hard\libnosys.a
END GROUP
START GROUP
LOAD c:/st/stm32cubeide_1.7.0/stm32cubeide/plugins/com.st.stm32cube.ide.mcu.externaltools.gnu-tools-for-stm32.9-2020-q2-update.win32_2.0.0.202105311346/tools/bin/../lib/gcc/arm-none-eabi/9.3.1/thumb/v7e-m+dp/hard\libgcc.a
LOAD c:/st/stm32cubeide_1.7.0/stm32cubeide/plugins/com.st.stm32cube.ide.mcu.externaltools.gnu-tools-for-stm32.9-2020-q2-update.win32_2.0.0.202105311346/tools/bin/../lib/gcc/arm-none-eabi/9.3.1/../../../../arm-none-eabi/lib/thumb/v7e-m+dp/hard\libc_nano.a
LOAD c:/st/stm32cubeide_1.7.0/stm32cubeide/plugins/com.st.stm32cube.ide.mcu.externaltools.gnu-tools-for-stm32.9-2020-q2-update.win32_2.0.0.202105311346/tools/bin/../lib/gcc/arm-none-eabi/9.3.1/../../../../arm-none-eabi/lib/thumb/v7e-m+dp/hard\libnosys.a
END GROUP
LOAD c:/st/stm32cubeide_1.7.0/stm32cubeide/plugins/com.st.stm32cube.ide.mcu.externaltools.gnu-tools-for-stm32.9-2020-q2-update.win32_2.0.0.202105311346/tools/bin/../lib/gcc/arm-none-eabi/9.3.1/thumb/v7e-m+dp/hard/crtend.o
LOAD c:/st/stm32cubeide_1.7.0/stm32cubeide/plugins/com.st.stm32cube.ide.mcu.externaltools.gnu-tools-for-stm32.9-2020-q2-update.win32_2.0.0.202105311346/tools/bin/../lib/gcc/arm-none-eabi/9.3.1/thumb/v7e-m+dp/hard/crtn.o
                0x0000000024080000                _estack = (ORIGIN (RAM_D1) + LENGTH (RAM_D1))
                0x0000000000000200                _Min_Heap_Size = 0x200
                0x0000000000000400                _Min_Stack_Size = 0x400

.isr_vector     0x0000000008000000      0x298
                0x0000000008000000                . = ALIGN (0x4)
 *(.isr_vector)
 .isr_vector    0x0000000008000000      0x298 ./src/bsp/startup/startup_stm32h750vbtx.o
                0x0000000008000000                g_pfnVectors
                0x0000000008000298                . = ALIGN (0x4)

.text           0x0000000008000298      0x138
                0x0000000008000298                . = ALIGN (0x4)
 *(.text)
 .text          0x0000000008000298       0x40 c:/st/stm32cubeide_1.7.0/stm32cubeide/plugins/com.st.stm32cube.ide.mcu.externaltools.gnu-tools-for-stm32.9-2020-q2-update.win32_2.0.0.202105311346/tools/bin/../lib/gcc/arm-none-eabi/9.3.1/thumb/v7e-m+dp/hard/crtbegin.o
 *(.text*)
 .text.apInit   0x00000000080002d8        0xe ./src/ap/ap.o
                0x00000000080002d8                apInit
 .text.apMain   0x00000000080002e6        0x6 ./src/ap/ap.o
                0x00000000080002e6                apMain
 .text.bspInit  0x00000000080002ec        0xe ./src/bsp/bsp.o
                0x00000000080002ec                bspInit
 *fill*         0x00000000080002fa        0x2 
 .text.Reset_Handler
                0x00000000080002fc       0x50 ./src/bsp/startup/startup_stm32h750vbtx.o
                0x00000000080002fc                Reset_Handler
 .text.Default_Handler
                0x000000000800034c        0x2 ./src/bsp/startup/startup_stm32h750vbtx.o
                0x000000000800034c                HASH_RNG_IRQHandler
                0x000000000800034c                EXTI2_IRQHandler
                0x000000000800034c                TIM8_CC_IRQHandler
                0x000000000800034c                DMA_STR2_IRQHandler
                0x000000000800034c                DebugMon_Handler
                0x000000000800034c                UART8_IRQHandler
                0x000000000800034c                SPI4_IRQHandler
                0x000000000800034c                HRTIM1_MST_IRQHandler
                0x000000000800034c                HardFault_Handler
                0x000000000800034c                DMA_STR5_IRQHandler
                0x000000000800034c                HRTIM1_FLT_IRQHandler
                0x000000000800034c                JPEG_IRQHandler
                0x000000000800034c                SysTick_Handler
                0x000000000800034c                DMA2_STR1_IRQHandler
                0x000000000800034c                DMA2_STR5_IRQHandler
                0x000000000800034c                HRTIM1_TIMD_IRQHandler
                0x000000000800034c                PendSV_Handler
                0x000000000800034c                NMI_Handler
                0x000000000800034c                EXTI3_IRQHandler
                0x000000000800034c                LPTIM4_IRQHandler
                0x000000000800034c                TIM8_TRG_COM_TIM14_IRQHandler
                0x000000000800034c                LPTIM2_IRQHandler
                0x000000000800034c                DFSDM1_FLT1_IRQHandler
                0x000000000800034c                DMAMUX2_OVR_IRQHandler
                0x000000000800034c                TIM8_UP_TIM13_IRQHandler
                0x000000000800034c                I2C3_ER_IRQHandler
                0x000000000800034c                DFSDM1_FLT2_IRQHandler
                0x000000000800034c                MDMA_IRQHandler
                0x000000000800034c                LPTIM3_IRQHandler
                0x000000000800034c                EXTI0_IRQHandler
                0x000000000800034c                I2C2_EV_IRQHandler
                0x000000000800034c                FPU_IRQHandler
                0x000000000800034c                DMA_STR1_IRQHandler
                0x000000000800034c                OTG_HS_WKUP_IRQHandler
                0x000000000800034c                FDCAN1_IT1_IRQHandler
                0x000000000800034c                UsageFault_Handler
                0x000000000800034c                LTDC_ER_IRQHandler
                0x000000000800034c                ADC1_2_IRQHandler
                0x000000000800034c                SPI1_IRQHandler
                0x000000000800034c                BDMA_CH2_IRQHandler
                0x000000000800034c                TIM6_DAC_IRQHandler
                0x000000000800034c                DCMI_IRQHandler
                0x000000000800034c                HRTIM1_TIMC_IRQHandler
                0x000000000800034c                SDMMC_IRQHandler
                0x000000000800034c                RTC_ALARM_IRQHandler
                0x000000000800034c                DMA_STR0_IRQHandler
                0x000000000800034c                SAI2_IRQHandler
                0x000000000800034c                DMA2_STR3_IRQHandler
                0x000000000800034c                DFSDM1_FLT3_IRQHandler
                0x000000000800034c                USART6_IRQHandler
                0x000000000800034c                BDMA_CH5_IRQHandler
                0x000000000800034c                TIM17_IRQHandler
                0x000000000800034c                BDMA_CH6_IRQHandler
                0x000000000800034c                USART3_IRQHandler
                0x000000000800034c                WKUP_IRQHandler
                0x000000000800034c                CRYP_IRQHandler
                0x000000000800034c                BDMA_CH3_IRQHandler
                0x000000000800034c                LPTIM5_IRQHandler
                0x000000000800034c                LPUART_IRQHandler
                0x000000000800034c                UART5_IRQHandler
                0x000000000800034c                ADC3_IRQHandler
                0x000000000800034c                DMA_STR6_IRQHandler
                0x000000000800034c                TIM4_IRQHandler
                0x000000000800034c                QUADSPI_IRQHandler
                0x000000000800034c                I2C1_EV_IRQHandler
                0x000000000800034c                DMA1_STR7_IRQHandler
                0x000000000800034c                TIM16_IRQHandler
                0x000000000800034c                UART4_IRQHandler
                0x000000000800034c                TIM3_IRQHandler
                0x000000000800034c                RCC_IRQHandler
                0x000000000800034c                TIM8_BRK_TIM12_IRQHandler
                0x000000000800034c                TIM1_TRG_COM_IRQHandler
                0x000000000800034c                Default_Handler
                0x000000000800034c                HRTIM_TIMB_IRQHandler
                0x000000000800034c                CEC_IRQHandler
                0x000000000800034c                EXTI15_10_IRQHandler
                0x000000000800034c                BDMA_CH4_IRQHandler
                0x000000000800034c                DMA_STR3_IRQHandler
                0x000000000800034c                HRTIM_TIME_IRQHandler
                0x000000000800034c                HRTIM1_TIMA_IRQHandler
                0x000000000800034c                SPI5_IRQHandler
                0x000000000800034c                TIM7_IRQHandler
                0x000000000800034c                SDMMC1_IRQHandler
                0x000000000800034c                TIM5_IRQHandler
                0x000000000800034c                SPDIF_IRQHandler
                0x000000000800034c                TIM15_IRQHandler
                0x000000000800034c                I2C3_EV_IRQHandler
                0x000000000800034c                WWDG1_RST_IRQHandler
                0x000000000800034c                EXTI9_5_IRQHandler
                0x000000000800034c                DMA2_STR4_IRQHandler
                0x000000000800034c                RTC_WKUP_IRQHandler
                0x000000000800034c                DMA2_STR6_IRQHandler
                0x000000000800034c                LTDC_IRQHandler
                0x000000000800034c                SAI3_IRQHandler
                0x000000000800034c                ETH_WKUP_IRQHandler
                0x000000000800034c                PVD_PVM_IRQHandler
                0x000000000800034c                SPI2_IRQHandler
                0x000000000800034c                OTG_HS_EP1_IN_IRQHandler
                0x000000000800034c                MemManage_Handler
                0x000000000800034c                DMA2_STR0_IRQHandler
                0x000000000800034c                SVC_Handler
                0x000000000800034c                CRS_IRQHandler
                0x000000000800034c                EXTI4_IRQHandler
                0x000000000800034c                DMAMUX1_OV_IRQHandler
                0x000000000800034c                FDCAN2_IT1_IRQHandler
                0x000000000800034c                DMA_STR4_IRQHandler
                0x000000000800034c                COMP_IRQHandler
                0x000000000800034c                DMA2_STR2_IRQHandler
                0x000000000800034c                ETH_IRQHandler
                0x000000000800034c                TIM1_UP_IRQHandler
                0x000000000800034c                DMA2_STR7_IRQHandler
                0x000000000800034c                OTG_HS_EP1_OUT_IRQHandler
                0x000000000800034c                SPI6_IRQHandler
                0x000000000800034c                MDIOS_IRQHandler
                0x000000000800034c                I2C4_EV_IRQHandler
                0x000000000800034c                FDCAN2_IT0_IRQHandler
                0x000000000800034c                BDMA_CH7_IRQHandler
                0x000000000800034c                FDCAN1_IT0_IRQHandler
                0x000000000800034c                TIM2_IRQHandler
                0x000000000800034c                HSEM0_IRQHandler
                0x000000000800034c                OTG_FS_WKUP_IRQHandler
                0x000000000800034c                OTG_HS_IRQHandler
                0x000000000800034c                DMA2D_IRQHandler
                0x000000000800034c                TIM1_BRK_IRQHandler
                0x000000000800034c                EXTI1_IRQHandler
                0x000000000800034c                OTG_FS_EP1_OUT_IRQHandler
                0x000000000800034c                UART7_IRQHandler
                0x000000000800034c                MDIOS_WKUP_IRQHandler
                0x000000000800034c                USART2_IRQHandler
                0x000000000800034c                DFSDM1_FLT0_IRQHandler
                0x000000000800034c                SAI4_IRQHandler
                0x000000000800034c                I2C2_ER_IRQHandler
                0x000000000800034c                FLASH_IRQHandler
                0x000000000800034c                WWDG1_IRQHandler
                0x000000000800034c                BusFault_Handler
                0x000000000800034c                USART1_IRQHandler
                0x000000000800034c                OTG_FS_IRQHandler
                0x000000000800034c                SPI3_IRQHandler
                0x000000000800034c                OTG_FS_EP1_IN_IRQHandler
                0x000000000800034c                I2C1_ER_IRQHandler
                0x000000000800034c                FMC_IRQHandler
                0x000000000800034c                BDMA_CH1_IRQHandler
                0x000000000800034c                SWPMI1_IRQHandler
                0x000000000800034c                LPTIM1_IRQHandler
                0x000000000800034c                BDMA_CH8_IRQHandler
                0x000000000800034c                TIM_CC_IRQHandler
                0x000000000800034c                I2C4_ER_IRQHandler
                0x000000000800034c                SAI1_IRQHandler
                0x000000000800034c                RTC_TAMP_STAMP_CSS_LSE_IRQHandler
 .text.hwInit   0x000000000800034e        0xc ./src/hw/hw.o
                0x000000000800034e                hwInit
 .text.main     0x000000000800035a       0x16 ./src/main.o
                0x000000000800035a                main
 .text.__libc_init_array
                0x0000000008000370       0x48 c:/st/stm32cubeide_1.7.0/stm32cubeide/plugins/com.st.stm32cube.ide.mcu.externaltools.gnu-tools-for-stm32.9-2020-q2-update.win32_2.0.0.202105311346/tools/bin/../lib/gcc/arm-none-eabi/9.3.1/../../../../arm-none-eabi/lib/thumb/v7e-m+dp/hard\libc_nano.a(lib_a-init.o)
                0x0000000008000370                __libc_init_array
 *(.glue_7)
 .glue_7        0x00000000080003b8        0x0 linker stubs
 *(.glue_7t)
 .glue_7t       0x00000000080003b8        0x0 linker stubs
 *(.eh_frame)
 .eh_frame      0x00000000080003b8        0x0 c:/st/stm32cubeide_1.7.0/stm32cubeide/plugins/com.st.stm32cube.ide.mcu.externaltools.gnu-tools-for-stm32.9-2020-q2-update.win32_2.0.0.202105311346/tools/bin/../lib/gcc/arm-none-eabi/9.3.1/thumb/v7e-m+dp/hard/crtbegin.o
 *(.init)
 .init          0x00000000080003b8        0x4 c:/st/stm32cubeide_1.7.0/stm32cubeide/plugins/com.st.stm32cube.ide.mcu.externaltools.gnu-tools-for-stm32.9-2020-q2-update.win32_2.0.0.202105311346/tools/bin/../lib/gcc/arm-none-eabi/9.3.1/thumb/v7e-m+dp/hard/crti.o
                0x00000000080003b8                _init
 .init          0x00000000080003bc        0x8 c:/st/stm32cubeide_1.7.0/stm32cubeide/plugins/com.st.stm32cube.ide.mcu.externaltools.gnu-tools-for-stm32.9-2020-q2-update.win32_2.0.0.202105311346/tools/bin/../lib/gcc/arm-none-eabi/9.3.1/thumb/v7e-m+dp/hard/crtn.o
 *(.fini)
 .fini          0x00000000080003c4        0x4 c:/st/stm32cubeide_1.7.0/stm32cubeide/plugins/com.st.stm32cube.ide.mcu.externaltools.gnu-tools-for-stm32.9-2020-q2-update.win32_2.0.0.202105311346/tools/bin/../lib/gcc/arm-none-eabi/9.3.1/thumb/v7e-m+dp/hard/crti.o
                0x00000000080003c4                _fini
 .fini          0x00000000080003c8        0x8 c:/st/stm32cubeide_1.7.0/stm32cubeide/plugins/com.st.stm32cube.ide.mcu.externaltools.gnu-tools-for-stm32.9-2020-q2-update.win32_2.0.0.202105311346/tools/bin/../lib/gcc/arm-none-eabi/9.3.1/thumb/v7e-m+dp/hard/crtn.o
                0x00000000080003d0                . = ALIGN (0x4)
                0x00000000080003d0                _etext = .

.vfp11_veneer   0x00000000080003d0        0x0
 .vfp11_veneer  0x00000000080003d0        0x0 linker stubs

.v4_bx          0x00000000080003d0        0x0
 .v4_bx         0x00000000080003d0        0x0 linker stubs

.iplt           0x00000000080003d0        0x0
 .iplt          0x00000000080003d0        0x0 c:/st/stm32cubeide_1.7.0/stm32cubeide/plugins/com.st.stm32cube.ide.mcu.externaltools.gnu-tools-for-stm32.9-2020-q2-update.win32_2.0.0.202105311346/tools/bin/../lib/gcc/arm-none-eabi/9.3.1/thumb/v7e-m+dp/hard/crtbegin.o

.rel.dyn        0x00000000080003d0        0x0
 .rel.iplt      0x00000000080003d0        0x0 c:/st/stm32cubeide_1.7.0/stm32cubeide/plugins/com.st.stm32cube.ide.mcu.externaltools.gnu-tools-for-stm32.9-2020-q2-update.win32_2.0.0.202105311346/tools/bin/../lib/gcc/arm-none-eabi/9.3.1/thumb/v7e-m+dp/hard/crtbegin.o

.rodata         0x00000000080003d0        0x0
                0x00000000080003d0                . = ALIGN (0x4)
 *(.rodata)
 *(.rodata*)
                0x00000000080003d0                . = ALIGN (0x4)

.ARM.extab
 *(.ARM.extab* .gnu.linkonce.armextab.*)

.ARM            0x00000000080003d0        0x0
                0x00000000080003d0                __exidx_start = .
 *(.ARM.exidx*)
                0x00000000080003d0                __exidx_end = .

.preinit_array  0x00000000080003d0        0x0
                0x00000000080003d0                PROVIDE (__preinit_array_start = .)
 *(.preinit_array*)
                0x00000000080003d0                PROVIDE (__preinit_array_end = .)

.init_array     0x00000000080003d0        0x4
                0x00000000080003d0                PROVIDE (__init_array_start = .)
 *(SORT_BY_NAME(.init_array.*))
 *(.init_array*)
 .init_array    0x00000000080003d0        0x4 c:/st/stm32cubeide_1.7.0/stm32cubeide/plugins/com.st.stm32cube.ide.mcu.externaltools.gnu-tools-for-stm32.9-2020-q2-update.win32_2.0.0.202105311346/tools/bin/../lib/gcc/arm-none-eabi/9.3.1/thumb/v7e-m+dp/hard/crtbegin.o
                0x00000000080003d4                PROVIDE (__init_array_end = .)

.fini_array     0x00000000080003d4        0x4
                [!provide]                        PROVIDE (__fini_array_start = .)
 *(SORT_BY_NAME(.fini_array.*))
 *(.fini_array*)
 .fini_array    0x00000000080003d4        0x4 c:/st/stm32cubeide_1.7.0/stm32cubeide/plugins/com.st.stm32cube.ide.mcu.externaltools.gnu-tools-for-stm32.9-2020-q2-update.win32_2.0.0.202105311346/tools/bin/../lib/gcc/arm-none-eabi/9.3.1/thumb/v7e-m+dp/hard/crtbegin.o
                [!provide]                        PROVIDE (__fini_array_end = .)
                0x00000000080003d8                _sidata = LOADADDR (.data)

.data           0x0000000024000000        0x0 load address 0x00000000080003d8
                0x0000000024000000                . = ALIGN (0x4)
                0x0000000024000000                _sdata = .
 *(.data)
 *(.data*)
 *(.RamFunc)
 *(.RamFunc*)
                0x0000000024000000                . = ALIGN (0x4)
                0x0000000024000000                _edata = .

.igot.plt       0x0000000024000000        0x0 load address 0x00000000080003d8
 .igot.plt      0x0000000024000000        0x0 c:/st/stm32cubeide_1.7.0/stm32cubeide/plugins/com.st.stm32cube.ide.mcu.externaltools.gnu-tools-for-stm32.9-2020-q2-update.win32_2.0.0.202105311346/tools/bin/../lib/gcc/arm-none-eabi/9.3.1/thumb/v7e-m+dp/hard/crtbegin.o
                0x0000000024000000                . = ALIGN (0x4)

.bss            0x0000000024000000       0x1c load address 0x00000000080003d8
                0x0000000024000000                _sbss = .
                0x0000000024000000                __bss_start__ = _sbss
 *(.bss)
 .bss           0x0000000024000000       0x1c c:/st/stm32cubeide_1.7.0/stm32cubeide/plugins/com.st.stm32cube.ide.mcu.externaltools.gnu-tools-for-stm32.9-2020-q2-update.win32_2.0.0.202105311346/tools/bin/../lib/gcc/arm-none-eabi/9.3.1/thumb/v7e-m+dp/hard/crtbegin.o
 *(.bss*)
 *(COMMON)
                0x000000002400001c                . = ALIGN (0x4)
                0x000000002400001c                _ebss = .
                0x000000002400001c                __bss_end__ = _ebss

._user_heap_stack
                0x000000002400001c      0x604 load address 0x00000000080003d8
                0x0000000024000020                . = ALIGN (0x8)
 *fill*         0x000000002400001c        0x4 
                [!provide]                        PROVIDE (end = .)
                0x0000000024000020                PROVIDE (_end = .)
                0x0000000024000220                . = (. + _Min_Heap_Size)
 *fill*         0x0000000024000020      0x200 
                0x0000000024000620                . = (. + _Min_Stack_Size)
 *fill*         0x0000000024000220      0x400 
                0x0000000024000620                . = ALIGN (0x8)

/DISCARD/
 libc.a(*)
 libm.a(*)
 libgcc.a(*)

.ARM.attributes
                0x0000000000000000       0x2e
 *(.ARM.attributes)
 .ARM.attributes
                0x0000000000000000       0x1e c:/st/stm32cubeide_1.7.0/stm32cubeide/plugins/com.st.stm32cube.ide.mcu.externaltools.gnu-tools-for-stm32.9-2020-q2-update.win32_2.0.0.202105311346/tools/bin/../lib/gcc/arm-none-eabi/9.3.1/thumb/v7e-m+dp/hard/crti.o
 .ARM.attributes
                0x000000000000001e       0x32 c:/st/stm32cubeide_1.7.0/stm32cubeide/plugins/com.st.stm32cube.ide.mcu.externaltools.gnu-tools-for-stm32.9-2020-q2-update.win32_2.0.0.202105311346/tools/bin/../lib/gcc/arm-none-eabi/9.3.1/thumb/v7e-m+dp/hard/crtbegin.o
 .ARM.attributes
                0x0000000000000050       0x32 ./src/ap/ap.o
 .ARM.attributes
                0x0000000000000082       0x32 ./src/bsp/bsp.o
 .ARM.attributes
                0x00000000000000b4       0x21 ./src/bsp/startup/startup_stm32h750vbtx.o
 .ARM.attributes
                0x00000000000000d5       0x32 ./src/hw/hw.o
 .ARM.attributes
                0x0000000000000107       0x32 ./src/main.o
 .ARM.attributes
                0x0000000000000139       0x32 c:/st/stm32cubeide_1.7.0/stm32cubeide/plugins/com.st.stm32cube.ide.mcu.externaltools.gnu-tools-for-stm32.9-2020-q2-update.win32_2.0.0.202105311346/tools/bin/../lib/gcc/arm-none-eabi/9.3.1/../../../../arm-none-eabi/lib/thumb/v7e-m+dp/hard\libc_nano.a(lib_a-init.o)
 .ARM.attributes
                0x000000000000016b       0x1e c:/st/stm32cubeide_1.7.0/stm32cubeide/plugins/com.st.stm32cube.ide.mcu.externaltools.gnu-tools-for-stm32.9-2020-q2-update.win32_2.0.0.202105311346/tools/bin/../lib/gcc/arm-none-eabi/9.3.1/thumb/v7e-m+dp/hard/crtn.o
OUTPUT(Tutorial_02_LED.elf elf32-littlearm)
LOAD linker stubs
LOAD c:/st/stm32cubeide_1.7.0/stm32cubeide/plugins/com.st.stm32cube.ide.mcu.externaltools.gnu-tools-for-stm32.9-2020-q2-update.win32_2.0.0.202105311346/tools/bin/../lib/gcc/arm-none-eabi/9.3.1/../../../../arm-none-eabi/lib/thumb/v7e-m+dp/hard\libc.a
LOAD c:/st/stm32cubeide_1.7.0/stm32cubeide/plugins/com.st.stm32cube.ide.mcu.externaltools.gnu-tools-for-stm32.9-2020-q2-update.win32_2.0.0.202105311346/tools/bin/../lib/gcc/arm-none-eabi/9.3.1/../../../../arm-none-eabi/lib/thumb/v7e-m+dp/hard\libm.a
LOAD c:/st/stm32cubeide_1.7.0/stm32cubeide/plugins/com.st.stm32cube.ide.mcu.externaltools.gnu-tools-for-stm32.9-2020-q2-update.win32_2.0.0.202105311346/tools/bin/../lib/gcc/arm-none-eabi/9.3.1/thumb/v7e-m+dp/hard\libgcc.a

.debug_info     0x0000000000000000     0x2537
 .debug_info    0x0000000000000000      0x93d ./src/ap/ap.o
 .debug_info    0x000000000000093d      0x97e ./src/bsp/bsp.o
 .debug_info    0x00000000000012bb       0x22 ./src/bsp/startup/startup_stm32h750vbtx.o
 .debug_info    0x00000000000012dd      0x92b ./src/hw/hw.o
 .debug_info    0x0000000000001c08      0x92f ./src/main.o

.debug_abbrev   0x0000000000000000      0x661
 .debug_abbrev  0x0000000000000000      0x181 ./src/ap/ap.o
 .debug_abbrev  0x0000000000000181      0x1ca ./src/bsp/bsp.o
 .debug_abbrev  0x000000000000034b       0x12 ./src/bsp/startup/startup_stm32h750vbtx.o
 .debug_abbrev  0x000000000000035d      0x181 ./src/hw/hw.o
 .debug_abbrev  0x00000000000004de      0x183 ./src/main.o

.debug_aranges  0x0000000000000000       0xc0
 .debug_aranges
                0x0000000000000000       0x28 ./src/ap/ap.o
 .debug_aranges
                0x0000000000000028       0x30 ./src/bsp/bsp.o
 .debug_aranges
                0x0000000000000058       0x28 ./src/bsp/startup/startup_stm32h750vbtx.o
 .debug_aranges
                0x0000000000000080       0x20 ./src/hw/hw.o
 .debug_aranges
                0x00000000000000a0       0x20 ./src/main.o

.debug_ranges   0x0000000000000000       0x78
 .debug_ranges  0x0000000000000000       0x18 ./src/ap/ap.o
 .debug_ranges  0x0000000000000018       0x20 ./src/bsp/bsp.o
 .debug_ranges  0x0000000000000038       0x20 ./src/bsp/startup/startup_stm32h750vbtx.o
 .debug_ranges  0x0000000000000058       0x10 ./src/hw/hw.o
 .debug_ranges  0x0000000000000068       0x10 ./src/main.o

.debug_macro    0x0000000000000000     0x22e6
 .debug_macro   0x0000000000000000      0x1fc ./src/ap/ap.o
 .debug_macro   0x00000000000001fc      0xaae ./src/ap/ap.o
 .debug_macro   0x0000000000000caa       0x22 ./src/ap/ap.o
 .debug_macro   0x0000000000000ccc       0x4c ./src/ap/ap.o
 .debug_macro   0x0000000000000d18       0x17 ./src/ap/ap.o
 .debug_macro   0x0000000000000d2f       0x94 ./src/ap/ap.o
 .debug_macro   0x0000000000000dc3       0x3c ./src/ap/ap.o
 .debug_macro   0x0000000000000dff       0x34 ./src/ap/ap.o
 .debug_macro   0x0000000000000e33       0x16 ./src/ap/ap.o
 .debug_macro   0x0000000000000e49       0x57 ./src/ap/ap.o
 .debug_macro   0x0000000000000ea0       0x97 ./src/ap/ap.o
 .debug_macro   0x0000000000000f37      0x339 ./src/ap/ap.o
 .debug_macro   0x0000000000001270       0xfd ./src/ap/ap.o
 .debug_macro   0x000000000000136d       0x10 ./src/ap/ap.o
 .debug_macro   0x000000000000137d       0x16 ./src/ap/ap.o
 .debug_macro   0x0000000000001393       0x43 ./src/ap/ap.o
 .debug_macro   0x00000000000013d6       0x34 ./src/ap/ap.o
 .debug_macro   0x000000000000140a       0x10 ./src/ap/ap.o
 .debug_macro   0x000000000000141a       0x58 ./src/ap/ap.o
 .debug_macro   0x0000000000001472       0x71 ./src/ap/ap.o
 .debug_macro   0x00000000000014e3       0x1c ./src/ap/ap.o
 .debug_macro   0x00000000000014ff      0x12a ./src/ap/ap.o
 .debug_macro   0x0000000000001629       0x10 ./src/ap/ap.o
 .debug_macro   0x0000000000001639       0x6a ./src/ap/ap.o
 .debug_macro   0x00000000000016a3       0x1c ./src/ap/ap.o
 .debug_macro   0x00000000000016bf       0x52 ./src/ap/ap.o
 .debug_macro   0x0000000000001711       0x22 ./src/ap/ap.o
 .debug_macro   0x0000000000001733       0x10 ./src/ap/ap.o
 .debug_macro   0x0000000000001743       0x40 ./src/ap/ap.o
 .debug_macro   0x0000000000001783       0xd5 ./src/ap/ap.o
 .debug_macro   0x0000000000001858       0x1c ./src/ap/ap.o
 .debug_macro   0x0000000000001874       0x3d ./src/ap/ap.o
 .debug_macro   0x00000000000018b1       0x16 ./src/ap/ap.o
 .debug_macro   0x00000000000018c7      0x145 ./src/ap/ap.o
 .debug_macro   0x0000000000001a0c      0x103 ./src/ap/ap.o
 .debug_macro   0x0000000000001b0f      0x1df ./src/ap/ap.o
 .debug_macro   0x0000000000001cee       0x22 ./src/ap/ap.o
 .debug_macro   0x0000000000001d10      0x1de ./src/bsp/bsp.o
 .debug_macro   0x0000000000001eee      0x1f2 ./src/hw/hw.o
 .debug_macro   0x00000000000020e0      0x206 ./src/main.o

.debug_line     0x0000000000000000     0x1a00
 .debug_line    0x0000000000000000      0x688 ./src/ap/ap.o
 .debug_line    0x0000000000000688      0x5fc ./src/bsp/bsp.o
 .debug_line    0x0000000000000c84       0x8c ./src/bsp/startup/startup_stm32h750vbtx.o
 .debug_line    0x0000000000000d10      0x62c ./src/hw/hw.o
 .debug_line    0x000000000000133c      0x6c4 ./src/main.o

.debug_str      0x0000000000000000     0x7ff6
 .debug_str     0x0000000000000000     0x7f56 ./src/ap/ap.o
                                       0x81a7 (size before relaxing)
 .debug_str     0x0000000000007f56       0x31 ./src/bsp/bsp.o
                                       0x8196 (size before relaxing)
 .debug_str     0x0000000000007f87       0x39 ./src/bsp/startup/startup_stm32h750vbtx.o
                                         0x79 (size before relaxing)
 .debug_str     0x0000000000007fc0       0x16 ./src/hw/hw.o
                                       0x8192 (size before relaxing)
 .debug_str     0x0000000000007fd6       0x20 ./src/main.o
                                       0x81aa (size before relaxing)

.comment        0x0000000000000000       0x53
 .comment       0x0000000000000000       0x53 ./src/ap/ap.o
                                         0x54 (size before relaxing)
 .comment       0x0000000000000053       0x54 ./src/bsp/bsp.o
 .comment       0x0000000000000053       0x54 ./src/hw/hw.o
 .comment       0x0000000000000053       0x54 ./src/main.o

.debug_frame    0x0000000000000000      0x144
 .debug_frame   0x0000000000000000       0x48 ./src/ap/ap.o
 .debug_frame   0x0000000000000048       0x78 ./src/bsp/bsp.o
 .debug_frame   0x00000000000000c0       0x2c ./src/hw/hw.o
 .debug_frame   0x00000000000000ec       0x2c ./src/main.o
 .debug_frame   0x0000000000000118       0x2c c:/st/stm32cubeide_1.7.0/stm32cubeide/plugins/com.st.stm32cube.ide.mcu.externaltools.gnu-tools-for-stm32.9-2020-q2-update.win32_2.0.0.202105311346/tools/bin/../lib/gcc/arm-none-eabi/9.3.1/../../../../arm-none-eabi/lib/thumb/v7e-m+dp/hard\libc_nano.a(lib_a-init.o)
